// Jest Snapshot v1, https://goo.gl/fbAQLP

exports[`user login when all test have been completed compares current file to snapshot 1`] = `
<RCTSafeAreaView
  style={
    {
      "backgroundColor": "#242938",
      "flex": 1,
      "justifyContent": "center",
    }
  }
>
  <View
    style={
      {
        "alignItems": "center",
        "justifyContent": "center",
      }
    }
  >
    <Modal
      animationType="slide"
      hardwareAccelerated={false}
      onRequestClose={[Function]}
      testID="status-modal"
      transparent={true}
      visible={false}
    />
    <View
      style={
        {
          "alignContent": "center",
          "flexDirection": "column",
          "justifyContent": "center",
          "margin": 0,
        }
      }
    />
    <View
      style={
        {
          "paddingBottom": 64,
        }
      }
    >
      <Text
        style={
          {
            "color": "#FFFFFF",
            "fontSize": 18.8,
            "fontWeight": "bold",
            "textAlign": "center",
          }
        }
      >
        LOG IN
      </Text>
    </View>
    <View
      style={
        {
          "width": 660,
        }
      }
    >
      <View
        style={
          {
            "paddingBottom": 37.5,
          }
        }
      >
        <View
          style={
            {
              "backgroundColor": "#FFFFFF",
              "borderRadius": 14,
              "height": 93.5,
              "paddingHorizontal": 10,
              "width": "100%",
            }
          }
        >
          <View
            collapsable={false}
            style={
              {
                "alignItems": "center",
                "borderBottomWidth": 0,
                "borderColor": "#86939e",
                "flexDirection": "row",
                "height": 93.5,
                "paddingLeft": 26.5,
                "paddingRight": 26.5,
                "transform": [
                  {
                    "translateX": 0,
                  },
                ],
              }
            }
          >
            <TextInput
              editable={true}
              keyboardType="email-address"
              onBlur={[Function]}
              onChangeText={[Function]}
              placeholder="Email"
              placeholderTextColor="#86939e"
              style={
                {
                  "color": "#242424",
                  "flex": 1,
                  "fontSize": 18.9,
                  "minHeight": 40,
                }
              }
              testID="email-input"
              underlineColorAndroid="transparent"
              value=""
            />
          </View>
          <Text
            style={
              {
                "color": "#ff190c",
                "fontSize": 12,
                "margin": 5,
              }
            }
          />
        </View>
      </View>
      <View
        style={
          {
            "paddingBottom": 37.5,
          }
        }
      >
        <View
          style={
            {
              "backgroundColor": "#FFFFFF",
              "borderRadius": 14,
              "height": 93.5,
              "paddingHorizontal": 10,
              "width": "100%",
            }
          }
        >
          <View
            collapsable={false}
            style={
              {
                "alignItems": "center",
                "borderBottomWidth": 0,
                "borderColor": "#86939e",
                "flexDirection": "row",
                "height": 93.5,
                "paddingLeft": 26.5,
                "paddingRight": 26.5,
                "transform": [
                  {
                    "translateX": 0,
                  },
                ],
              }
            }
          >
            <TextInput
              editable={true}
              onBlur={[Function]}
              onChangeText={[Function]}
              placeholder="Password"
              placeholderTextColor="#86939e"
              secureTextEntry={true}
              style={
                {
                  "color": "#242424",
                  "flex": 1,
                  "fontSize": 18.9,
                  "minHeight": 40,
                }
              }
              testID="password-input"
              underlineColorAndroid="transparent"
              value=""
            />
          </View>
          <Text
            style={
              {
                "color": "#ff190c",
                "fontSize": 12,
                "margin": 5,
              }
            }
          />
        </View>
      </View>
      <View
        style={
          {
            "paddingTop": 9.5,
          }
        }
      >
        <View
          style={
            [
              {
                "borderRadius": 3,
                "overflow": "hidden",
              },
              {
                "borderRadius": 3,
              },
              [
                {
                  "borderRadius": 14,
                },
                {
                  "width": 660,
                },
              ],
              false,
            ]
          }
        >
          <View
            accessibilityRole="button"
            accessibilityState={
              {
                "busy": false,
                "disabled": true,
              }
            }
            accessible={true}
            collapsable={false}
            focusable={true}
            onClick={[Function]}
            onResponderGrant={[Function]}
            onResponderMove={[Function]}
            onResponderRelease={[Function]}
            onResponderTerminate={[Function]}
            onResponderTerminationRequest={[Function]}
            onStartShouldSetResponder={[Function]}
            style={
              {
                "opacity": 1,
              }
            }
            testID="login-button"
          >
            <View
              style={
                {
                  "alignItems": "center",
                  "backgroundColor": "hsl(208, 8%, 90%)",
                  "borderColor": "#2089dc",
                  "borderRadius": 3,
                  "borderWidth": 0,
                  "flexDirection": "row",
                  "height": 93.5,
                  "justifyContent": "center",
                  "padding": 8,
                }
              }
            >
              <Text
                style={
                  {
                    "color": "hsl(208, 8%, 63%)",
                    "fontSize": 18.8,
                    "fontWeight": "bold",
                    "paddingVertical": 1,
                    "textAlign": "center",
                  }
                }
              >
                Login
              </Text>
            </View>
          </View>
        </View>
      </View>
    </View>
  </View>
</RCTSafeAreaView>
`;
